error: ink! contracts require at least one constructor function declared with `#[ink(constructor)]`
  --> $DIR/02-missing-constructor.rs:9:1
   |
9  | / mod noop {
10 | |     #[ink(storage)]
11 | |     struct Noop {}
12 | | }
   | |_^
